// Jest Snapshot v1, https://goo.gl/fbAQLP

exports[`<SavedSpendList /> should render the heading 1`] = `
.c0 {
  width: 100%;
  max-width: 900px;
  height: 100%;
  display: -webkit-box;
  display: -webkit-flex;
  display: -ms-flexbox;
  display: flex;
  gap: 0.75rem;
  -webkit-flex-direction: column;
  -ms-flex-direction: column;
  flex-direction: column;
}

.c0 h2 {
  font-size: 2rem;
  font-weight: 400;
}

.c1 {
  display: grid;
  grid-template-columns: repeat(4,1fr);
  grid-template-rows: repeat(10,1fr);
  gap: 0.75rem;
  margin-top: 0.75rem;
  height: 320px;
  overflow-y: auto;
}

@media (max-width:768px) {
  .c1 {
    grid-template-columns: repeat(3,1fr);
    grid-template-rows: repeat(6,1fr);
  }
}

@media (max-width:425px) {
  .c1 {
    grid-template-columns: repeat(2,1fr);
  }
}

<div
  class="c0"
>
  <h2>
    Ultimos Lan√ßamentos
  </h2>
  <div
    class="c1"
  />
</div>
`
