// Jest Snapshot v1, https://goo.gl/fbAQLP

exports[`<Main /> should render the heading 1`] = `
.c0 {
  background-color: #06092b;
  color: #fff;
  width: 100%;
  height: 100%;
  padding: 3rem;
  text-align: center;
  display: -webkit-box;
  display: -webkit-flex;
  display: -ms-flexbox;
  display: flex;
  -webkit-flex-direction: column;
  -ms-flex-direction: column;
  flex-direction: column;
  -webkit-align-items: center;
  -webkit-box-align: center;
  -ms-flex-align: center;
  align-items: center;
  gap: 1.25rem;
}

.c1 {
  font-size: 3rem;
}

.c2 {
  font-size: 2.5rem;
  font-weight: 400;
}

.c3 {
  display: -webkit-box;
  display: -webkit-flex;
  display: -ms-flexbox;
  display: flex;
  width: 100%;
  -webkit-flex-direction: column;
  -ms-flex-direction: column;
  flex-direction: column;
  gap: 1rem;
  border-radius: 0.5rem;
}

.c4 {
  width: 100%;
  max-width: 320px;
  border-radius: 0.5rem;
  border: none;
  padding: 0.5rem;
  cursor: pointer;
  background-color: #fcfcfc;
  font-size: 1.75rem;
}

.c4:hover {
  background-color: #dddddd;
}

.c4:disabled {
  cursor: not-allowed;
  background-color: #dddddd;
}

.c5 {
  width: 100%;
  max-width: 900px;
  height: 100%;
  display: -webkit-box;
  display: -webkit-flex;
  display: -ms-flexbox;
  display: flex;
  gap: 0.75rem;
  -webkit-flex-direction: column;
  -ms-flex-direction: column;
  flex-direction: column;
}

.c5 h2 {
  font-size: 2rem;
  font-weight: 400;
}

.c6 {
  display: grid;
  grid-template-columns: repeat(4,1fr);
  grid-template-rows: repeat(10,1fr);
  gap: 0.75rem;
  margin-top: 0.75rem;
  height: 320px;
  overflow-y: auto;
}

@media (max-width:425px) {
  .c0 {
    padding: 3rem 1.75rem;
  }
}

@media (max-width:768px) {
  .c6 {
    grid-template-columns: repeat(3,1fr);
    grid-template-rows: repeat(6,1fr);
  }
}

@media (max-width:425px) {
  .c6 {
    grid-template-columns: repeat(2,1fr);
  }
}

<main
  class="c0"
>
  <h1
    class="c1"
  >
    react avançado
  </h1>
  <h2
    class="c2"
  />
  <div
    class="c3"
  >
    <select>
      <option>
        Selecione um serviço
      </option>
    </select>
    <select>
      <option>
        Selecione um mes
      </option>
      0
    </select>
    <input
      placeholder="Digite um valor. Ex: 45,51"
      type="number"
      value=""
    />
    <br />
    <button
      class="c4"
      disabled=""
      style="align-self: center;"
    >
      Carregando...
    </button>
  </div>
  <div
    class="c5"
  >
    <h2>
      Ultimos Lançamentos
    </h2>
    <div
      class="c6"
    />
  </div>
</main>
`
